exports[`<CompaniesFilter /> should render with default props 1`] = `
<Menu
  autoWidth={true}
  desktop={false}
  disableAutoFocus={false}
  initiallyKeyboardFocused={false}
  maxHeight={null}
  multiple={false}
  onChange={[Function]}
  onEscKeyDown={[Function]}
  onItemTouchTap={[Function]}
  onKeyDown={[Function]}
  value="favorite">
  <MenuItem
    checked={false}
    desktop={false}
    disabled={false}
    focusState="none"
    insetChildren={false}
    leftIcon={<ToggleRadioButtonUnchecked />}
    primaryText="Show All Companies"
    value="all" />
  <Divider
    inset={true} />
  <MenuItem
    checked={false}
    desktop={false}
    disabled={false}
    focusState="none"
    insetChildren={false}
    leftIcon={<ToggleRadioButtonUnchecked />}
    primaryText="Show Selected Companies"
    value="custom" />
  <Divider
    inset={true} />
  <MenuItem
    checked={false}
    desktop={false}
    disabled={false}
    focusState="none"
    insetChildren={false}
    leftIcon={<ToggleRadioButtonChecked />}
    primaryText="Show Favorite Companies"
    value="favorite" />
  <Divider
    inset={false} />
  <MenuItem
    checked={false}
    desktop={false}
    disabled={false}
    focusState="none"
    insetChildren={false}
    leftIcon={<ActionSettings />}
    primaryText="Manage Companies" />
  <Divider
    inset={false} />
  <MenuItem
    checked={false}
    desktop={false}
    disabled={false}
    focusState="none"
    insetChildren={false}
    leftIcon={<ContentAdd />}
    primaryText="Add New Company" />
</Menu>
`;
