exports[`<Button /> should render Button with label 1`] = `
<FlatButton
  disabled={false}
  label="Button with label"
  labelPosition="after"
  labelStyle={Object {}}
  onClick={[Function]}
  onKeyboardFocus={[Function]}
  onMouseEnter={[Function]}
  onMouseLeave={[Function]}
  onTouchStart={[Function]}
  primary={false}
  secondary={false} />
`;

exports[`<Button /> should render Button with svg icon 1`] = `
<IconButton
  disableTouchRipple={false}
  disabled={false}
  iconStyle={Object {}}
  onClick={[Function]}
  tooltipPosition="bottom-center"
  touch={false}>
  <NavigationClose />
</IconButton>
`;
